==19163== Memcheck, a memory error detector
==19163== Copyright (C) 2002-2022, and GNU GPL'd, by Julian Seward et al.
==19163== Using Valgrind-3.22.0 and LibVEX; rerun with -h for copyright info
==19163== Command: ./main
==19163== Parent PID: 18852
==19163== 
==19163== 
==19163== Process terminating with default action of signal 2 (SIGINT)
==19163==    at 0x4025B6F: __open_nocancel (open64_nocancel.c:39)
==19163==    by 0x4005CBB: open_verify.constprop.0 (dl-load.c:1623)
==19163==    by 0x40094C8: _dl_map_object (dl-load.c:2207)
==19163==    by 0x401F6B0: map_doit (rtld.c:644)
==19163==    by 0x400151B: _dl_catch_exception (dl-catch.c:237)
==19163==    by 0x4001668: _dl_catch_error (dl-catch.c:256)
==19163==    by 0x4020A20: do_preload (rtld.c:816)
==19163==    by 0x4020A20: handle_preload_list (rtld.c:892)
==19163==    by 0x402399F: dl_main (rtld.c:1842)
==19163==    by 0x401EF45: _dl_sysdep_start (dl-sysdep.c:140)
==19163==    by 0x402075D: _dl_start_final (rtld.c:494)
==19163==    by 0x402075D: _dl_start (rtld.c:581)
==19163==    by 0x401F547: ??? (in /usr/lib/x86_64-linux-gnu/ld-linux-x86-64.so.2)
==19163== 
==19163== HEAP SUMMARY:
==19163==     in use at exit: 0 bytes in 0 blocks
==19163==   total heap usage: 0 allocs, 0 frees, 0 bytes allocated
==19163== 
==19163== All heap blocks were freed -- no leaks are possible
==19163== 
==19163== For lists of detected and suppressed errors, rerun with: -s
==19163== ERROR SUMMARY: 0 errors from 0 contexts (suppressed: 0 from 0)
